## 视图（view）



在查询语句当中

distinct 字段名  将该字段中的重复值进行删除，只保存不重复的数据



### 视图的特点

```
视图是一张虚表，和真实表一样，拥有字段，视图可以从一个或者多个表中导出，视图可以帮助用户方便的寻找到想要数据，在mysql5.0版本之后产生，且一经创建就存放在数据库中
```

### 视图的优点

```mysql
1 简单性  #用户看到的就是需要的，简化用户对数据的理解，简化操作
2 安全性  #显示需要显示的内容，屏蔽不需要显示的内容
3 逻辑结构独立性  #帮助用户屏蔽因为真实表结构变化而带来的影响
```

### 创建视图格式

```mysql
create [or replace] [algorithm 视图选择的算法={undefined|merge|temptable}] view 视图名[(定义视图的字段)] as select_statement [with[cascaded | local] check option]
```

含义：

```mysql
[algorithm                      #视图算法选择
	#算法
    undefined=mysql    #将会自动选择算法
    merge         #合并算法  （去掉括号，从左网右执行） 默认
    temptable     #临时表算法    #如果有子查询则使用temptable算法
 
#选择性语句
with cascaded | local check option
cascaded      #更新视图时需要满足所有视图和表的相关条件
local         #更新视图时只需要满足自身条件即可
 
 as select_statement     #查询语句，如果有
```

案例

```mysql
#创建测试表  一个表用视图是单表视图，多个表导出是多表视图
mysql> create table department(
        d_id int primary key not null,
        d_name varchar(20) not null unique,
        function varchar(50),
        address varchar(50));
Query OK, 0 rows affected (0.13 sec)


#创建测试表2 实现多表导出视图
mysql> create table worker (
    num int not null primary key, 
    d_id int , name varchar(30) not null, 
    sex varchar(4) not null, birthday date ,
    homeaddress varchar(50), 
    consttraint fk_worker foreign key(d_id) references department(d_id));
Query OK, 0 rows affected (0.25 sec)


#创建一个视图
mysql> create view department_view1 as select * from department;
Query OK, 0 rows affected (0.00 sec)

#查看表
mysql> show tables;
+------------------+
| Tables_in_aa     |
+------------------+
| department       |
| department_view1 |   #这个就是我们的视图，当我们给真实表添加数据时，视图的数据也会同步
| worker           |
+------------------+
3 rows in set (0.00 sec)


#尝试写入数据
mysql> insert into department values (1001,'科研部','科学研究','1号楼3层');
Query OK, 1 row affected (0.00 sec)
mysql> insert into department values (1002,'农业部','发展农业','5号楼10层');
Query OK, 1 row affected (0.00 sec)


#查看视图和真实表
mysql>  select * from department;
+------+-----------+--------------+--------------+
| d_id | d_name    | function     | address      |
+------+-----------+--------------+--------------+
| 1001 | 科研部    | 科学研究     | 1号楼3层     |
| 1002 | 农业部    | 发展农业     | 5号楼10层    |
+------+-----------+--------------+--------------+
2 rows in set (0.00 sec)


mysql>  select * from department_view1;
+------+-----------+--------------+--------------+
| d_id | d_name    | function     | address      |
+------+-----------+--------------+--------------+
| 1001 | 科研部    | 科学研究     | 1号楼3层     |
| 1002 | 农业部    | 发展农业     | 5号楼10层    |
+------+-----------+--------------+--------------+
2 rows in set (0.00 sec)

#发现视图和真实表中都存在数据


#对worker表插入数据
mysql> insert into worker values (10,1001,'zg','m','1999-01-01','pingyao');
Query OK, 1 row affected (0.00 sec)
mysql> insert into worker values (20,1001,'yb','m','2002-01-01','fuxin');
Query OK, 1 row affected (0.00 sec)

#查看表数据
mysql> select * from worker;
+-----+------+------+-----+------------+-------------+
| num | d_id | name | sex | birthday   | homeaddress |
+-----+------+------+-----+------------+-------------+
|  10 | 1001 | zg   | m   | 1999-01-01 | pingyao     |
|  20 | 1001 | yb   | m   | 2002-01-01 | fuxin       |
+-----+------+------+-----+------------+-------------+
2 rows in set (0.00 sec)



```

### 基于上面环境 （单表视图（

```mysql

################### 现在开始做一个真正的视图##############
###################让视图显示我们让它显示的东西#############
mysql> create view department_view2(name,function,location) 
    -> as select d_name,function,address
    -> from department;
Query OK, 0 rows affected (0.01 sec)

#含义
#(name,function,location)    这个是我们视图要显示的字段信息
#select d_name,function,address  from department  上面3个字段的数据来自于department表中的d_name,function,address 这3个字段的数据

#效果
mysql> select * from department_view2;
+-----------+--------------+--------------+
| name      | function     | location     | #可以看到，这里的字段就是我们想要显示出来的字段
+-----------+--------------+--------------+
| 科研部    | 科学研究     | 1号楼3层     |
| 农业部    | 发展农业     | 5号楼10层    |
+-----------+--------------+--------------+
2 rows in set (0.00 sec)

#我们查看的这个视图的3个字段name,function,location，的数据都是来自于表department的3个字段（d_name,function,address）的，按照顺序去赋值的

```

### 基于初始环境（多表视图）

```mysql
create algorithm=merge view worker_view1(name,department,sex,age,address) 
as select name,department.d_name,sex,year(now())-year(birthday),address 
from worker,department
where worker.d_id=department.d_id
with local check option;

#查看
mysql> select * from worker_view1;
+------+------------+-----+------+-------------+
| name | department | sex | age  | address     |
+------+------------+-----+------+-------------+
| zg   | 科研部     | m   |   21 | 1号楼3层    |
| yb   | 科研部     | m   |   18 | 1号楼3层    |
+------+------------+-----+------+-------------+
2 rows in set (0.00 sec)

#命令解释
create algorithm=merge view
#创建视图，使用默认算法（合并算法）

worker_view1(name,department,sex,age,address) 
#要显示的字段

as select name,department.d_name,sex,year(now())-year(birthday),address 
#select 查询语句，年龄字段用当前时间减去出生年月

from worker,department
#数据来源

where worker.d_id=department.d_id
#两表建立关系

with local check option;
#满足本身条件即可
#当只写入with check option时等同于 cascaded
#如果全部都不写，等同于local 
```

继续

```mysql
#插入数据
mysql> insert into worker values (30,1002,'xuanxuan','f','2001-01-01','handan');
Query OK, 1 row affected (0.29 sec)


#发现给真实表添加数据时，视图表数据也会被修改
mysql> select * from worker_view1;
+----------+------------+-----+------+--------------+
| name     | department | sex | age  | address      |
+----------+------------+-----+------+--------------+
| zg       | 科研部     | m   |   21 | 1号楼3层     |
| yb       | 科研部     | m   |   18 | 1号楼3层     |
| xuanxuan | 农业部     | f   |   19 | 5号楼10层    |
+----------+------------+-----+------+--------------+
3 rows in set (0.00 sec)

#视图原理:  我们使用视图语句时as 后的select 查询语句，就是视图的显示，当我们真实表被修改的时候，视图就会被修改。 

#我们对视图也可以进行增删改查，作用于的就是真实表的数据

#当然，我们是不能够给用户修改的权限，这就涉及到权限了
```

## 案例3

```mysql
#表
create table test1(s int);
#视图, 数据大于10的
create view v1 as select s from test1 where s>10;

#写数据
mysql> insert into v1 values (5);
Query OK, 1 row affected (0.00 sec)
#能写进去，虽然它不会在视图中显示，但是会写入到真实表中




```



#继续

### #基于视图去创建视图

### 

```mysql
视图可以基于视图进行建立，同样视图可以进行表所进行的操作(增删改查),一旦视图的数据修改，真实表随之发生改变，反之亦然

视图如果想要修改数据，只要直接创建新的覆盖之前的即可
 or replace  如果带上这个参数，就代表完全覆盖之前视图的数据
```

案例

```mysql
#创建一个基于视图的视图
create view v2 as select  s from v1 with cascaded check option;

#尝试写入数据
mysql> insert into v2 values(6);
ERROR 1369 (HY000): CHECK OPTION failed 'aa.v2'
#为什么没有添加成功，因为这个v2视图是基于v1视图的  with “cascaded” check option; 中的cascaded代表满足自身以上所有视图的条件才会成功
#v2没有条件，但v1的条件是不能小于10的数

#我们再插入一个新的数
mysql> insert into v2 values(16);
Query OK, 1 row affected (0.00 sec)
#成功了，因为它满足所有视图的条件


#创建一个基于视图department_view1
mysql> create or replace view department_view1 as select * from worker;
Query OK, 0 rows affected (0.00 sec)
#这里使用了or replace 替换
#完全将视图替换掉了

mysql> select * from department_view1;
+-----+------+----------+-----+------------+-------------+
| num | d_id | name     | sex | birthday   | homeaddress |
+-----+------+----------+-----+------------+-------------+
|  10 | 1001 | zg       | m   | 1999-01-01 | pingyao     |
|  20 | 1001 | yb       | m   | 2002-01-01 | fuxin       |
|  30 | 1002 | xuanxuan | f   | 2001-01-01 | handan      |
+-----+------+----------+-----+------------+-------------+
3 rows in set (0.00 sec)
```



### 查看视图的方式（1）

```mysql
show table status like '视图名'\G
```

案例

```mysql
mysql> show table status like 'department_view1'\G
*************************** 1. row ***************************
           Name: department_view1
         Engine: NULL
        Version: NULL
     Row_format: NULL
           Rows: NULL
 Avg_row_length: NULL
    Data_length: NULL
Max_data_length: NULL
   Index_length: NULL
      Data_free: NULL
 Auto_increment: NULL
    Create_time: NULL
    Update_time: NULL
     Check_time: NULL
      Collation: NULL
       Checksum: NULL
 Create_options: NULL
        Comment: VIEW
1 row in set (0.00 sec)
#视图没有存储引擎，所以它是不能创建索引的
```

### 查看视图的方式（2）

```mysql
show create view '视图名'\G
```

### 案例

```mysql
mysql> show create view department_view1\G
*************************** 1. row ***************************
                View: department_view1
         Create View: CREATE ALGORITHM=UNDEFINED DEFINER=`root`@`localhost` SQL SECURITY DEFINER VIEW `department_view1` AS select `worker`.`num` AS `num`,`worker`.`d_id` AS `d_id`,`worker`.`name` AS `name`,`worker`.`sex` AS `sex`,`worker`.`birthday` AS `birthday`,`worker`.`homeaddress` AS `homeaddress` from `worker`
character_set_client: utf8    #字符集
collation_connection: utf8_general_ci  #排序规则
1 row in set (0.00 sec)

```



### 修改视图

```mysql
1. 再create view 之间加入or replace
2  alter [algorithm 视图选择的算法={undefined|merge|temptable}] view 视图名[(定义视图的字段)] as select_statement [with[cascaded | local] check option]
```



## 最后小结

```mysql
mysql> select * from worker_view1;
+----------+------------+-----+------+--------------+
| name     | department | sex | age  | address      |
+----------+------------+-----+------+--------------+
| zg       | 科研部     | m   |   21 | 1号楼3层     |
| yb       | 科研部     | m   |   18 | 1号楼3层     |
| xuanxuan | 农业部     | f   |   19 | 5号楼10层    |
+----------+------------+-----+------+--------------+
3 rows in set (0.00 sec)

#尝试修改视图数据
mysql> update worker_view1 set age=23 where age=21;
ERROR 1348 (HY000): Column 'age' is not updatable
#为什么无法更新
#因为这个数是根据查询得到的，不是真实存在于表中的

```

### 视图存在以下情况无法被更新

```mysql
1. 视图中，不包含基本表中被定义为非空的列
2. 定义视图的select语句中使用了数学表达式无法更新
3. 定义视图的select语句中使用了聚合函数无法被更新 (num avg conut)
4。 定义视图的select 语句中使用了 Union\group by\having无法被更新
```

### 删除视图的语法

```mysql
drop view [if exists] 视图名称
```



## 视图和真实表的区别

```mysql
1 视图是编译好的sql语句,是基于sql语句结果的可视化的表，而表不是
2 视图不会存放数据，属于虚表，而表不是
3 视图和真实表都会占用空间，但是视图用于没有数据，没有索引只会占用很少的空间，属于逻辑概念存在
4. 视图属于查看数据表的方法，可以让用户看到想要看到的数据，从安全性来讲，防止用户解除真实表，屏蔽真实表结构，而表做不到
5. 视图的建立和删除只会影响视图本身，不会影响对应的表
6 视图没有存储引擎，不能添加索引，而表可以
```

## 视图和真实表的联系

```mysql
视图一定基于真实表创建,依赖于真实表存在
```



```mysql
#修改视图department_view1的数据来源
mysql> create or replace view department_view1 as select * from department;
Query OK, 0 rows affected (0.00 sec)

mysql> select * from department;
+------+-----------+--------------+--------------+
| d_id | d_name    | function     | address      |
+------+-----------+--------------+--------------+
| 1001 | 科研部    | 科学研究     | 1号楼3层     |
| 1002 | 农业部    | 发展农业     | 5号楼10层    |
+------+-----------+--------------+--------------+
2 rows in set (0.00 sec)


#删掉真实表字段function
alter table department drop function;
#视图就会损坏

mysql> select * from department_view1;
ERROR 1356 (HY000): View 'aa.department_view1' references invalid table(s) or column(s) or function(s) or definer/invoker of view lack rights to use them
mysql> 
#因为字段丢失了，视图的select语句就会错误

#解决方法
添加一个字段
 alter table department add function varchar(30) not null;
 
 #然后发现这个视图又能用了
 mysql> select * from department_view1;
+------+-----------+----------+--------------+
| d_id | d_name    | function | address      |
+------+-----------+----------+--------------+
| 1001 | 科研部    |          | 1号楼3层     |
| 1002 | 农业部    |          | 5号楼10层    |
+------+-----------+----------+--------------+
2 rows in set (0.00 sec)


```

